/home/leitingting/anaconda3/envs/sledge/lib/python3.9/site-packages/torch/cuda/__init__.py:619: UserWarning: Can't initialize NVML
  warnings.warn("Can't initialize NVML")
Candidate screening 200/1239
Candidate screening 400/1239
Candidate screening 600/1239
Candidate screening 800/1239
Candidate screening 1000/1239
Candidate screening 1200/1239
Native equivalence 1/100; mismatches=0
Native equivalence 2/100; mismatches=0
Native equivalence 3/100; mismatches=0
Native equivalence 4/100; mismatches=0
Native equivalence 5/100; mismatches=0
Native equivalence 6/100; mismatches=0
Native equivalence 7/100; mismatches=0
Native equivalence 8/100; mismatches=0
Native equivalence 9/100; mismatches=0
Native equivalence 10/100; mismatches=0
Native equivalence 11/100; mismatches=0
Native equivalence 12/100; mismatches=0
Native equivalence 13/100; mismatches=0
Native equivalence 14/100; mismatches=0
Native equivalence 15/100; mismatches=0
Native equivalence 16/100; mismatches=0
Native equivalence 17/100; mismatches=0
Native equivalence 18/100; mismatches=0
Native equivalence 19/100; mismatches=0
Native equivalence 20/100; mismatches=0
Native equivalence 21/100; mismatches=0
Native equivalence 22/100; mismatches=0
Native equivalence 23/100; mismatches=0
Native equivalence 24/100; mismatches=0
Native equivalence 25/100; mismatches=0
Native equivalence 26/100; mismatches=0
Native equivalence 27/100; mismatches=0
Native equivalence 28/100; mismatches=0
Native equivalence 29/100; mismatches=0
Native equivalence 30/100; mismatches=0
Native equivalence 31/100; mismatches=0
Native equivalence 32/100; mismatches=0
Native equivalence 33/100; mismatches=0
Native equivalence 34/100; mismatches=0
Native equivalence 35/100; mismatches=0
Native equivalence 36/100; mismatches=0
Native equivalence 37/100; mismatches=0
Native equivalence 38/100; mismatches=0
Native equivalence 39/100; mismatches=0
Native equivalence 40/100; mismatches=0
Native equivalence 41/100; mismatches=0
Native equivalence 42/100; mismatches=0
Native equivalence 43/100; mismatches=0
Native equivalence 44/100; mismatches=0
Native equivalence 45/100; mismatches=0
Native equivalence 46/100; mismatches=0
Native equivalence 47/100; mismatches=0
Native equivalence 48/100; mismatches=0
Native equivalence 49/100; mismatches=0
Native equivalence 50/100; mismatches=0
Native equivalence 51/100; mismatches=0
Native equivalence 52/100; mismatches=0
Native equivalence 53/100; mismatches=0
Native equivalence 54/100; mismatches=0
Native equivalence 55/100; mismatches=0
Native equivalence 56/100; mismatches=0
Native equivalence 57/100; mismatches=0
Native equivalence 58/100; mismatches=0
Native equivalence 59/100; mismatches=0
Native equivalence 60/100; mismatches=0
Native equivalence 61/100; mismatches=0
Native equivalence 62/100; mismatches=0
Native equivalence 63/100; mismatches=0
Native equivalence 64/100; mismatches=0
Native equivalence 65/100; mismatches=0
Native equivalence 66/100; mismatches=0
Native equivalence 67/100; mismatches=0
Native equivalence 68/100; mismatches=0
Native equivalence 69/100; mismatches=0
Native equivalence 70/100; mismatches=0
Native equivalence 71/100; mismatches=0
Native equivalence 72/100; mismatches=0
Native equivalence 73/100; mismatches=0
Native equivalence 74/100; mismatches=0
Native equivalence 75/100; mismatches=0
Native equivalence 76/100; mismatches=0
Native equivalence 77/100; mismatches=0
Native equivalence 78/100; mismatches=0
Native equivalence 79/100; mismatches=0
Native equivalence 80/100; mismatches=0
Native equivalence 81/100; mismatches=0
Native equivalence 82/100; mismatches=0
Native equivalence 83/100; mismatches=0
Native equivalence 84/100; mismatches=0
Native equivalence 85/100; mismatches=0
Native equivalence 86/100; mismatches=0
Native equivalence 87/100; mismatches=0
Native equivalence 88/100; mismatches=0
Native equivalence 89/100; mismatches=0
Native equivalence 90/100; mismatches=0
Native equivalence 91/100; mismatches=0
Native equivalence 92/100; mismatches=0
Native equivalence 93/100; mismatches=0
Native equivalence 94/100; mismatches=0
Native equivalence 95/100; mismatches=0
Native equivalence 96/100; mismatches=0
Native equivalence 97/100; mismatches=0
Native equivalence 98/100; mismatches=0
Native equivalence 99/100; mismatches=0
Native equivalence 100/100; mismatches=0
{'status': 'PASS', 'sample_count': 100, 'actor_category_checks': 300, 'seed': 9102026, 'inventory_count': 500356, 'max_abs_error': 0.0, 'tolerance_strict_less_than': 1e-05, 'mismatch_count': 0, 'count_agreement': 1.0, 'ordering_agreement': 1.0, 'mask_agreement': 1.0, 'speed_clipping_agreement': 1.0, 'legacy_count_agreement': 1.0, 'in_frame_agreement': 1.0, 'ordering_definition': 'Full ordered state rows; identical states have no distinguishable ID in processed output', 'predicted_in_frame_note': 'Native processor exposes post-cap state; pre-cap mask/count also compared with native coords_in_frame for every real scene.', 'allows_0b4': True}
