/home/leitingting/anaconda3/envs/sledge/lib/python3.9/site-packages/torch/cuda/__init__.py:619: UserWarning: Can't initialize NVML
  warnings.warn("Can't initialize NVML")
Traceback (most recent call last):
  File "/home/leitingting/anaconda3/envs/sledge/lib/python3.9/runpy.py", line 197, in _run_module_as_main
    return _run_code(code, main_globals, None,
  File "/home/leitingting/anaconda3/envs/sledge/lib/python3.9/runpy.py", line 87, in _run_code
    exec(code, run_globals)
  File "/home16T/home8T_1/leitingting/sledge_workspace/sledge/phase0/src/phase0_audit/processor_equivalence.py", line 138, in <module>
    main()
  File "/home16T/home8T_1/leitingting/sledge_workspace/sledge/phase0/src/phase0_audit/processor_equivalence.py", line 98, in main
    dump(args.output_dir/'environment.json', provenance(cfg))
  File "/home16T/home8T_1/leitingting/sledge_workspace/sledge/phase0/src/phase0_audit/native_common.py", line 32, in dump
    Path(path).write_text(json.dumps(value, indent=2, allow_nan=False) + '\n')
  File "/home/leitingting/anaconda3/envs/sledge/lib/python3.9/json/__init__.py", line 234, in dumps
    return cls(
  File "/home/leitingting/anaconda3/envs/sledge/lib/python3.9/json/encoder.py", line 201, in encode
    chunks = list(chunks)
  File "/home/leitingting/anaconda3/envs/sledge/lib/python3.9/json/encoder.py", line 431, in _iterencode
    yield from _iterencode_dict(o, _current_indent_level)
  File "/home/leitingting/anaconda3/envs/sledge/lib/python3.9/json/encoder.py", line 405, in _iterencode_dict
    yield from chunks
  File "/home/leitingting/anaconda3/envs/sledge/lib/python3.9/json/encoder.py", line 405, in _iterencode_dict
    yield from chunks
  File "/home/leitingting/anaconda3/envs/sledge/lib/python3.9/json/encoder.py", line 438, in _iterencode
    o = _default(o)
  File "/home/leitingting/anaconda3/envs/sledge/lib/python3.9/json/encoder.py", line 179, in default
    raise TypeError(f'Object of type {o.__class__.__name__} '
TypeError: Object of type ListConfig is not JSON serializable
